// Jest Snapshot v1, https://goo.gl/fbAQLP

exports[`Deve renderizar os dados da transação informada 1`] = `
<Transaction
  description="Uma nova transação de débito"
  value="R$ 240,00"
>
  <li
    className="list-group-item"
  >
    R$ 240,00 | Uma nova transação de débito
  </li>
</Transaction>
`;
