// Jest Snapshot v1, https://goo.gl/fbAQLP

exports[`Deve renderizar uma listagem com as transações adicionadas 1`] = `
<List>
  <article
    className="container"
  >
    <div
      className="row"
    >
      <div
        className="col"
      >
        Nenhuma transação cadastrada.
      </div>
    </div>
  </article>
</List>
`;
